// Jest Snapshot v1, https://goo.gl/fbAQLP

exports[`Login snapshot renders 1`] = `
<div
  className="loginPageContainer"
>
  <div>
    <div
      aria-hidden={true}
      className="MuiBackdrop-root css-1ji7omv-MuiBackdrop-root"
      onClick={[Function]}
      style={
        Object {
          "opacity": 0,
          "visibility": "hidden",
        }
      }
    >
      <span
        className="MuiCircularProgress-root MuiCircularProgress-indeterminate MuiCircularProgress-colorInherit css-62e83j-MuiCircularProgress-root"
        role="progressbar"
        style={
          Object {
            "height": 40,
            "width": 40,
          }
        }
      >
        <svg
          className="MuiCircularProgress-svg css-1idz92c-MuiCircularProgress-svg"
          viewBox="22 22 44 44"
        >
          <circle
            className="MuiCircularProgress-circle MuiCircularProgress-circleIndeterminate css-176wh8e-MuiCircularProgress-circle"
            cx={44}
            cy={44}
            fill="none"
            r={20.2}
            strokeWidth={3.6}
            style={Object {}}
          />
        </svg>
      </span>
    </div>
  </div>
  <div
    className="loginForm"
  >
    <div
      className="headingText"
    >
      Hi there!
    </div>
    <div
      className="subHeadingText"
    >
      Login with your credentials
    </div>
    <div
      style={
        Object {
          "marginTop": "3%",
        }
      }
    >
      <div
        className="formControls"
      >
        <div
          className="MuiFormControl-root MuiFormControl-fullWidth MuiTextField-root textField css-wb57ya-MuiFormControl-root-MuiTextField-root"
        >
          <label
            className="MuiInputLabel-root MuiInputLabel-formControl MuiInputLabel-animated MuiInputLabel-outlined MuiFormLabel-root MuiFormLabel-colorPrimary css-14s5rfu-MuiFormLabel-root-MuiInputLabel-root"
            data-shrink={false}
            htmlFor="username"
            id="username-label"
          >
            Username
          </label>
          <div
            className="MuiOutlinedInput-root MuiInputBase-root MuiInputBase-colorPrimary MuiInputBase-fullWidth MuiInputBase-formControl css-md26zr-MuiInputBase-root-MuiOutlinedInput-root"
            onClick={[Function]}
          >
            <input
              aria-invalid={false}
              autoFocus={false}
              className="MuiOutlinedInput-input MuiInputBase-input css-1t8l2tu-MuiInputBase-input-MuiOutlinedInput-input"
              disabled={false}
              id="username"
              onAnimationStart={[Function]}
              onBlur={[Function]}
              onChange={[Function]}
              onFocus={[Function]}
              required={false}
              type="text"
              value=""
            />
            <fieldset
              aria-hidden={true}
              className="MuiOutlinedInput-notchedOutline css-1d3z3hw-MuiOutlinedInput-notchedOutline"
            >
              <legend
                className="css-dhh0px"
              >
                <span>
                  Username
                </span>
              </legend>
            </fieldset>
          </div>
        </div>
      </div>
      <div
        className="formControls"
      >
        <div
          className="MuiFormControl-root MuiFormControl-fullWidth MuiTextField-root textField css-wb57ya-MuiFormControl-root-MuiTextField-root"
        >
          <label
            className="MuiInputLabel-root MuiInputLabel-formControl MuiInputLabel-animated MuiInputLabel-outlined MuiFormLabel-root MuiFormLabel-colorPrimary css-14s5rfu-MuiFormLabel-root-MuiInputLabel-root"
            data-shrink={false}
            htmlFor="password"
            id="password-label"
          >
            Password
          </label>
          <div
            className="MuiOutlinedInput-root MuiInputBase-root MuiInputBase-colorPrimary MuiInputBase-fullWidth MuiInputBase-formControl css-md26zr-MuiInputBase-root-MuiOutlinedInput-root"
            onClick={[Function]}
          >
            <input
              aria-invalid={false}
              autoFocus={false}
              className="MuiOutlinedInput-input MuiInputBase-input css-1t8l2tu-MuiInputBase-input-MuiOutlinedInput-input"
              disabled={false}
              id="password"
              onAnimationStart={[Function]}
              onBlur={[Function]}
              onChange={[Function]}
              onFocus={[Function]}
              required={false}
              type="password"
              value=""
            />
            <fieldset
              aria-hidden={true}
              className="MuiOutlinedInput-notchedOutline css-1d3z3hw-MuiOutlinedInput-notchedOutline"
            >
              <legend
                className="css-dhh0px"
              >
                <span>
                  Password
                </span>
              </legend>
            </fieldset>
          </div>
        </div>
      </div>
    </div>
    <div
      style={
        Object {
          "marginTop": "5%",
        }
      }
    >
      <button
        className="MuiButton-root MuiButton-contained MuiButton-containedPrimary MuiButton-sizeMedium MuiButton-containedSizeMedium MuiButton-fullWidth MuiButtonBase-root makeStyles-buttonStyle-1 css-1fu7jd5-MuiButtonBase-root-MuiButton-root"
        disabled={false}
        id="loginButton"
        onBlur={[Function]}
        onClick={[Function]}
        onContextMenu={[Function]}
        onDragLeave={[Function]}
        onFocus={[Function]}
        onKeyDown={[Function]}
        onKeyUp={[Function]}
        onMouseDown={[Function]}
        onMouseLeave={[Function]}
        onMouseUp={[Function]}
        onTouchEnd={[Function]}
        onTouchMove={[Function]}
        onTouchStart={[Function]}
        tabIndex={0}
        type="button"
      >
        Login
        <span
          className="MuiButton-endIcon MuiButton-iconSizeMedium css-9tj150-MuiButton-endIcon"
        >
          <svg
            aria-hidden={true}
            className="MuiSvgIcon-root MuiSvgIcon-fontSizeMedium css-i4bv87-MuiSvgIcon-root"
            data-testid="LoginIcon"
            focusable="false"
            viewBox="0 0 24 24"
          >
            <path
              d="M11 7 9.6 8.4l2.6 2.6H2v2h10.2l-2.6 2.6L11 17l5-5-5-5zm9 12h-8v2h8c1.1 0 2-.9 2-2V5c0-1.1-.9-2-2-2h-8v2h8v14z"
            />
          </svg>
        </span>
      </button>
    </div>
  </div>
</div>
`;
